// Jest Snapshot v1, https://goo.gl/fbAQLP

exports[`Button Component should match its snapshot 1`] = `
<div>
  <button
    onClick={[Function]}
  />
</div>
`;
